prisma/seed-vampire.ts(19,32): error TS2339: Property 'workspace' does not exist on type 'PrismaClient<PrismaClientOptions, never, DefaultArgs>'.
prisma/seed-vampire.ts(25,30): error TS2339: Property 'workspace' does not exist on type 'PrismaClient<PrismaClientOptions, never, DefaultArgs>'.
prisma/seed-vampire.ts(37,41): error TS2339: Property 'providerProfile' does not exist on type 'PrismaClient<PrismaClientOptions, never, DefaultArgs>'.
prisma/seed-vampire.ts(138,35): error TS2339: Property 'providerProfile' does not exist on type 'PrismaClient<PrismaClientOptions, never, DefaultArgs>'.
prisma/seed-vampire.ts(149,35): error TS2339: Property 'providerProfile' does not exist on type 'PrismaClient<PrismaClientOptions, never, DefaultArgs>'.
prisma/seed.ts(1,24): error TS2305: Module '"@prisma/client"' has no exported member 'Role'.
prisma/seed.ts(1,30): error TS2305: Module '"@prisma/client"' has no exported member 'WaybillStatus'.
prisma/seed.ts(1,45): error TS2305: Module '"@prisma/client"' has no exported member 'VendorCategory'.
prisma/seed.ts(1,61): error TS2305: Module '"@prisma/client"' has no exported member 'ClaimStatus'.
prisma/seed.ts(1,74): error TS2305: Module '"@prisma/client"' has no exported member 'CommissionStatus'.
prisma/seed.ts(9,35): error TS2339: Property 'user' does not exist on type 'PrismaClient<PrismaClientOptions, never, DefaultArgs>'.
prisma/seed.ts(29,38): error TS2339: Property 'artistProfile' does not exist on type 'PrismaClient<PrismaClientOptions, never, DefaultArgs>'.
prisma/seed.ts(52,31): error TS2339: Property 'auraWallet' does not exist on type 'PrismaClient<PrismaClientOptions, never, DefaultArgs>'.
prisma/seed.ts(70,33): error TS2339: Property 'providerProfile' does not exist on type 'PrismaClient<PrismaClientOptions, never, DefaultArgs>'.
prisma/seed.ts(104,35): error TS2339: Property 'user' does not exist on type 'PrismaClient<PrismaClientOptions, never, DefaultArgs>'.
prisma/seed.ts(120,38): error TS2339: Property 'clientProfile' does not exist on type 'PrismaClient<PrismaClientOptions, never, DefaultArgs>'.
prisma/seed.ts(134,32): error TS2339: Property 'waybill' does not exist on type 'PrismaClient<PrismaClientOptions, never, DefaultArgs>'.
prisma/seed.ts(163,31): error TS2339: Property 'commissionLedger' does not exist on type 'PrismaClient<PrismaClientOptions, never, DefaultArgs>'.
src/app/(public)/artistas/[slug]/booking/page.tsx(25,27): error TS2339: Property 'artistProfile' does not exist on type 'PrismaClient<PrismaClientOptions, never, DefaultArgs>'.
src/app/(public)/artistas/[slug]/page.tsx(217,27): error TS2339: Property 'artistProfile' does not exist on type 'PrismaClient<PrismaClientOptions, never, DefaultArgs>'.
src/app/(public)/proveedores/[slug]/page.tsx(155,30): error TS2339: Property 'province' does not exist on type '{ id: string; createdAt: Date; updatedAt: Date; name: string; externalId: string | null; source: string; category: string; phone: string | null; email: string | null; photos: string[]; latitude: number | null; longitude: number | null; rawMetadata: JsonValue; isClaimed: boolean; }'.
src/app/(public)/proveedores/[slug]/page.tsx(156,32): error TS2339: Property 'province' does not exist on type '{ id: string; createdAt: Date; updatedAt: Date; name: string; externalId: string | null; source: string; category: string; phone: string | null; email: string | null; photos: string[]; latitude: number | null; longitude: number | null; rawMetadata: JsonValue; isClaimed: boolean; }'.
src/app/(public)/proveedores/[slug]/page.tsx(157,31): error TS2339: Property 'telephone' does not exist on type '{ id: string; createdAt: Date; updatedAt: Date; name: string; externalId: string | null; source: string; category: string; phone: string | null; email: string | null; photos: string[]; latitude: number | null; longitude: number | null; rawMetadata: JsonValue; isClaimed: boolean; }'.
src/app/(public)/proveedores/[slug]/page.tsx(158,28): error TS2339: Property 'rating' does not exist on type '{ id: string; createdAt: Date; updatedAt: Date; name: string; externalId: string | null; source: string; category: string; phone: string | null; email: string | null; photos: string[]; latitude: number | null; longitude: number | null; rawMetadata: JsonValue; isClaimed: boolean; }'.
src/app/(public)/proveedores/[slug]/page.tsx(159,29): error TS2339: Property 'reviewsCount' does not exist on type '{ id: string; createdAt: Date; updatedAt: Date; name: string; externalId: string | null; source: string; category: string; phone: string | null; email: string | null; photos: string[]; latitude: number | null; longitude: number | null; rawMetadata: JsonValue; isClaimed: boolean; }'.
src/app/(public)/proveedores/[slug]/page.tsx(160,33): error TS2339: Property 'description' does not exist on type '{ id: string; createdAt: Date; updatedAt: Date; name: string; externalId: string | null; source: string; category: string; phone: string | null; email: string | null; photos: string[]; latitude: number | null; longitude: number | null; rawMetadata: JsonValue; isClaimed: boolean; }'.
src/app/(public)/proveedores/[slug]/page.tsx(161,29): error TS2339: Property 'imageUrls' does not exist on type '{ id: string; createdAt: Date; updatedAt: Date; name: string; externalId: string | null; source: string; category: string; phone: string | null; email: string | null; photos: string[]; latitude: number | null; longitude: number | null; rawMetadata: JsonValue; isClaimed: boolean; }'.
src/app/(public)/proveedores/[slug]/page.tsx(162,25): error TS2339: Property 'imageUrls' does not exist on type '{ id: string; createdAt: Date; updatedAt: Date; name: string; externalId: string | null; source: string; category: string; phone: string | null; email: string | null; photos: string[]; latitude: number | null; longitude: number | null; rawMetadata: JsonValue; isClaimed: boolean; }'.
src/app/actions/affiliateActions.ts(4,10): error TS2305: Module '"@prisma/client"' has no exported member 'Role'.
src/app/actions/affiliateActions.ts(4,16): error TS2305: Module '"@prisma/client"' has no exported member 'CommissionStatus'.
src/app/actions/affiliateActions.ts(42,27): error TS2339: Property 'user' does not exist on type 'PrismaClient<PrismaClientOptions, never, DefaultArgs>'.
src/app/actions/affiliateActions.ts(54,25): error TS2339: Property 'user' does not exist on type 'PrismaClient<PrismaClientOptions, never, DefaultArgs>'.
src/app/actions/affiliateActions.ts(81,27): error TS2339: Property 'auraWallet' does not exist on type 'PrismaClient<PrismaClientOptions, never, DefaultArgs>'.
src/app/actions/affiliateActions.ts(93,13): error TS7006: Parameter 'l' implicitly has an 'any' type.
src/app/actions/affiliateActions.ts(94,14): error TS7006: Parameter 'acc' implicitly has an 'any' type.
src/app/actions/affiliateActions.ts(94,19): error TS7006: Parameter 'l' implicitly has an 'any' type.
src/app/actions/affiliateActions.ts(97,13): error TS7006: Parameter 'l' implicitly has an 'any' type.
src/app/actions/affiliateActions.ts(98,14): error TS7006: Parameter 'acc' implicitly has an 'any' type.
src/app/actions/affiliateActions.ts(98,19): error TS7006: Parameter 'l' implicitly has an 'any' type.
src/app/actions/affiliateActions.ts(121,26): error TS7006: Parameter 'l' implicitly has an 'any' type.
src/app/actions/affiliateActions.ts(139,34): error TS2339: Property 'user' does not exist on type 'PrismaClient<PrismaClientOptions, never, DefaultArgs>'.
src/app/actions/affiliateActions.ts(147,31): error TS2339: Property 'commissionLedger' does not exist on type 'PrismaClient<PrismaClientOptions, never, DefaultArgs>'.
src/app/actions/affiliateActions.ts(169,29): error TS2339: Property 'user' does not exist on type 'PrismaClient<PrismaClientOptions, never, DefaultArgs>'.
src/app/actions/affiliateActions.ts(193,12): error TS2339: Property 'auraWallet' does not exist on type 'PrismaClient<PrismaClientOptions, never, DefaultArgs>'.
src/app/actions/affiliateActions.ts(197,12): error TS2339: Property 'commissionLedger' does not exist on type 'PrismaClient<PrismaClientOptions, never, DefaultArgs>'.
src/app/actions/checkoutActions.ts(60,37): error TS2339: Property 'user' does not exist on type 'PrismaClient<PrismaClientOptions, never, DefaultArgs>'.
src/app/actions/checkoutActions.ts(76,31): error TS2339: Property 'artistProfile' does not exist on type 'PrismaClient<PrismaClientOptions, never, DefaultArgs>'.
src/app/actions/checkoutActions.ts(97,35): error TS2339: Property 'providerProfile' does not exist on type 'PrismaClient<PrismaClientOptions, never, DefaultArgs>'.
src/app/actions/commandCenterActions.ts(4,10): error TS2305: Module '"@prisma/client"' has no exported member 'Role'.
src/app/actions/commandCenterActions.ts(42,29): error TS2339: Property 'user' does not exist on type 'PrismaClient<PrismaClientOptions, never, DefaultArgs>'.
src/app/actions/commandCenterActions.ts(76,33): error TS2339: Property 'waybill' does not exist on type 'PrismaClient<PrismaClientOptions, never, DefaultArgs>'.
src/app/actions/commandCenterActions.ts(87,23): error TS7006: Parameter 'w' implicitly has an 'any' type.
src/app/actions/commandCenterActions.ts(113,31): error TS2339: Property 'auraWallet' does not exist on type 'PrismaClient<PrismaClientOptions, never, DefaultArgs>'.
src/app/actions/commandCenterActions.ts(118,38): error TS2339: Property 'commissionLedger' does not exist on type 'PrismaClient<PrismaClientOptions, never, DefaultArgs>'.
src/app/actions/commandCenterActions.ts(127,38): error TS7006: Parameter 'entry' implicitly has an 'any' type.
src/app/actions/commandCenterActions.ts(150,32): error TS2339: Property 'auraWallet' does not exist on type 'PrismaClient<PrismaClientOptions, never, DefaultArgs>'.
src/app/actions/commandCenterActions.ts(154,38): error TS2339: Property 'commissionLedger' does not exist on type 'PrismaClient<PrismaClientOptions, never, DefaultArgs>'.
src/app/actions/commandCenterActions.ts(160,26): error TS7006: Parameter 'w' implicitly has an 'any' type.
src/app/actions/commandCenterActions.ts(166,38): error TS7006: Parameter 'e' implicitly has an 'any' type.
src/app/actions/commandCenterActions.ts(200,43): error TS2339: Property 'waybill' does not exist on type 'PrismaClient<PrismaClientOptions, never, DefaultArgs>'.
src/app/actions/commandCenterActions.ts(206,46): error TS2339: Property 'commissionLedger' does not exist on type 'PrismaClient<PrismaClientOptions, never, DefaultArgs>'.
src/app/actions/contractSignActions.ts(24,18): error TS2339: Property 'smartContract' does not exist on type 'PrismaClient<PrismaClientOptions, never, DefaultArgs>'.
src/app/actions/contractSignActions.ts(25,22): error TS2339: Property 'smartContract' does not exist on type 'PrismaClient<PrismaClientOptions, never, DefaultArgs>'.
src/app/actions/matcherActions.ts(204,32): error TS2339: Property 'providerProfile' does not exist on type 'PrismaClient<PrismaClientOptions, never, DefaultArgs>'.
src/app/actions/matcherActions.ts(219,34): error TS2339: Property 'providerProfile' does not exist on type 'PrismaClient<PrismaClientOptions, never, DefaultArgs>'.
src/app/actions/matchmakerActions.ts(44,37): error TS2339: Property 'providerProfile' does not exist on type 'PrismaClient<PrismaClientOptions, never, DefaultArgs>'.
src/app/actions/matchmakerActions.ts(69,38): error TS2339: Property 'providerProfile' does not exist on type 'PrismaClient<PrismaClientOptions, never, DefaultArgs>'.
src/app/actions/matchmakerActions.ts(102,44): error TS7006: Parameter 'c' implicitly has an 'any' type.
src/app/actions/smartLockActions.ts(88,40): error TS2339: Property 'smartLock' does not exist on type 'PrismaClient<PrismaClientOptions, never, DefaultArgs>'.
src/app/actions/smartLockActions.ts(161,40): error TS2339: Property 'smartLock' does not exist on type 'PrismaClient<PrismaClientOptions, never, DefaultArgs>'.
src/app/actions/smartLockActions.ts(209,31): error TS2339: Property 'smartLock' does not exist on type 'PrismaClient<PrismaClientOptions, never, DefaultArgs>'.
src/app/actions/smartLockActions.ts(229,18): error TS2339: Property 'smartLock' does not exist on type 'PrismaClient<PrismaClientOptions, never, DefaultArgs>'.
src/app/actions/smartLockActions.ts(260,31): error TS2339: Property 'smartLock' does not exist on type 'PrismaClient<PrismaClientOptions, never, DefaultArgs>'.
src/app/actions/smartLockActions.ts(312,42): error TS2339: Property 'leadMagnetLog' does not exist on type 'PrismaClient<PrismaClientOptions, never, DefaultArgs>'.
src/app/actions/smartLockActions.ts(324,39): error TS2339: Property 'leadMagnetLog' does not exist on type 'PrismaClient<PrismaClientOptions, never, DefaultArgs>'.
src/app/actions/smartLockActions.ts(336,18): error TS2339: Property 'leadMagnetLog' does not exist on type 'PrismaClient<PrismaClientOptions, never, DefaultArgs>'.
src/app/actions/smartLockActions.ts(344,18): error TS2339: Property 'smartLock' does not exist on type 'PrismaClient<PrismaClientOptions, never, DefaultArgs>'.
src/app/actions/smartLockActions.ts(376,31): error TS2339: Property 'smartLock' does not exist on type 'PrismaClient<PrismaClientOptions, never, DefaultArgs>'.
src/app/actions/smartLockActions.ts(388,20): error TS2339: Property 'smartLock' does not exist on type 'PrismaClient<PrismaClientOptions, never, DefaultArgs>'.
src/app/actions/smartLockActions.ts(407,20): error TS2339: Property 'smartLock' does not exist on type 'PrismaClient<PrismaClientOptions, never, DefaultArgs>'.
src/app/actions/stripeConnectActions.ts(55,33): error TS2339: Property 'providerProfile' does not exist on type 'PrismaClient<PrismaClientOptions, never, DefaultArgs>'.
src/app/actions/stripeConnectActions.ts(102,18): error TS2339: Property 'providerProfile' does not exist on type 'PrismaClient<PrismaClientOptions, never, DefaultArgs>'.
src/app/api/admin/telemetry/route.ts(22,55): error TS2353: Object literal may only specify known properties, and 'status' does not exist in type 'VendorShadowProfileWhereInput'.
src/app/api/admin/telemetry/route.ts(23,18): error TS2339: Property 'equipmentInventory' does not exist on type 'PrismaClient<PrismaClientOptions, never, DefaultArgs>'.
src/app/api/admin/telemetry/route.ts(24,18): error TS2339: Property 'commissionLedger' does not exist on type 'PrismaClient<PrismaClientOptions, never, DefaultArgs>'.
src/app/api/admin/telemetry/route.ts(33,46): error TS7006: Parameter 'acc' implicitly has an 'any' type.
src/app/api/admin/telemetry/route.ts(33,51): error TS7006: Parameter 'curr' implicitly has an 'any' type.
src/app/api/admin/treasury/route.ts(19,38): error TS2339: Property 'commissionLedger' does not exist on type 'PrismaClient<PrismaClientOptions, never, DefaultArgs>'.
src/app/api/admin/treasury/route.ts(41,49): error TS7006: Parameter 'acc' implicitly has an 'any' type.
src/app/api/admin/treasury/route.ts(41,54): error TS7006: Parameter 'curr' implicitly has an 'any' type.
src/app/api/affiliates/payout/route.ts(27,35): error TS2339: Property 'commissionLedger' does not exist on type 'PrismaClient<PrismaClientOptions, never, DefaultArgs>'.
src/app/api/auth/login/route.ts(25,27): error TS2339: Property 'user' does not exist on type 'PrismaClient<PrismaClientOptions, never, DefaultArgs>'.
src/app/api/auth/register/route.ts(10,35): error TS2339: Property 'user' does not exist on type 'PrismaClient<PrismaClientOptions, never, DefaultArgs>'.
src/app/api/auth/register/route.ts(20,30): error TS2339: Property 'user' does not exist on type 'PrismaClient<PrismaClientOptions, never, DefaultArgs>'.
src/app/api/budget/expenses/route.ts(12,34): error TS2339: Property 'expense' does not exist on type 'PrismaClient<PrismaClientOptions, never, DefaultArgs>'.
src/app/api/budget/expenses/route.ts(27,18): error TS2339: Property 'budgetCategory' does not exist on type 'PrismaClient<PrismaClientOptions, never, DefaultArgs>'.
src/app/api/budget/expenses/route.ts(34,18): error TS2339: Property 'budget' does not exist on type 'PrismaClient<PrismaClientOptions, never, DefaultArgs>'.
src/app/api/budget/payments/route.ts(11,34): error TS2339: Property 'payment' does not exist on type 'PrismaClient<PrismaClientOptions, never, DefaultArgs>'.
src/app/api/budget/payments/route.ts(29,22): error TS2339: Property 'budgetCategory' does not exist on type 'PrismaClient<PrismaClientOptions, never, DefaultArgs>'.
src/app/api/budget/payments/route.ts(38,20): error TS2339: Property 'budget' does not exist on type 'PrismaClient<PrismaClientOptions, never, DefaultArgs>'.
src/app/api/budget/route.ts(6,31): error TS2339: Property 'budget' does not exist on type 'PrismaClient<PrismaClientOptions, never, DefaultArgs>'.
src/app/api/budget/route.ts(42,29): error TS2339: Property 'budget' does not exist on type 'PrismaClient<PrismaClientOptions, never, DefaultArgs>'.
src/app/api/budget/route.ts(76,33): error TS2339: Property 'budget' does not exist on type 'PrismaClient<PrismaClientOptions, never, DefaultArgs>'.
src/app/api/checkout/orchestrate/route.ts(89,14): error TS2339: Property 'productionEvent' does not exist on type 'PrismaClient<PrismaClientOptions, never, DefaultArgs>'.
src/app/api/checkout/orchestrate/route.ts(101,16): error TS7006: Parameter 'err' implicitly has an 'any' type.
src/app/api/checkout/route.ts(21,32): error TS2339: Property 'productionEvent' does not exist on type 'PrismaClient<PrismaClientOptions, never, DefaultArgs>'.
src/app/api/checkout/route.ts(58,18): error TS2339: Property 'productionEvent' does not exist on type 'PrismaClient<PrismaClientOptions, never, DefaultArgs>'.
src/app/api/fleet/client-tracking/route.ts(74,37): error TS2339: Property 'productionEvent' does not exist on type 'PrismaClient<PrismaClientOptions, never, DefaultArgs>'.
src/app/api/fleet/client-tracking/route.ts(108,41): error TS2339: Property 'fleetPosition' does not exist on type 'PrismaClient<PrismaClientOptions, never, DefaultArgs>'.
src/app/api/fleet/map/route.ts(12,32): error TS2339: Property 'fleetUnit' does not exist on type 'PrismaClient<PrismaClientOptions, never, DefaultArgs>'.
src/app/api/fleet/waybills/[id]/route.ts(16,34): error TS2339: Property 'waybill' does not exist on type 'PrismaClient<PrismaClientOptions, never, DefaultArgs>'.
src/app/api/payments/connect/onboard/route.ts(29,35): error TS2339: Property 'providerProfile' does not exist on type 'PrismaClient<PrismaClientOptions, never, DefaultArgs>'.
src/app/api/payments/connect/onboard/route.ts(73,20): error TS2339: Property 'providerProfile' does not exist on type 'PrismaClient<PrismaClientOptions, never, DefaultArgs>'.
src/app/api/payments/webhook/route.ts(55,24): error TS2339: Property 'commissionLedger' does not exist on type 'PrismaClient<PrismaClientOptions, never, DefaultArgs>'.
src/app/api/profiles/claim/route.ts(5,10): error TS2305: Module '"@prisma/client"' has no exported member 'Role'.
src/app/api/profiles/claim/route.ts(19,31): error TS2339: Property 'user' does not exist on type 'PrismaClient<PrismaClientOptions, never, DefaultArgs>'.
src/app/api/profiles/claim/route.ts(31,34): error TS2339: Property 'providerProfile' does not exist on type 'PrismaClient<PrismaClientOptions, never, DefaultArgs>'.
src/app/api/profiles/claim/route.ts(59,32): error TS2339: Property 'providerProfile' does not exist on type 'Omit<PrismaClient<PrismaClientOptions, never, DefaultArgs>, "$connect" | "$disconnect" | "$on" | "$transaction" | "$extends">'.
src/app/api/profiles/claim/route.ts(67,18): error TS2339: Property 'user' does not exist on type 'Omit<PrismaClient<PrismaClientOptions, never, DefaultArgs>, "$connect" | "$disconnect" | "$on" | "$transaction" | "$extends">'.
src/app/api/profiles/claim/verify/route.ts(20,16): error TS2353: Object literal may only specify known properties, and 'claimToken' does not exist in type 'VendorShadowProfileWhereUniqueInput'.
src/app/api/profiles/claim/verify/route.ts(27,23): error TS2339: Property 'status' does not exist on type '{ id: string; createdAt: Date; updatedAt: Date; name: string; externalId: string | null; source: string; category: string; phone: string | null; email: string | null; photos: string[]; latitude: number | null; longitude: number | null; rawMetadata: JsonValue; isClaimed: boolean; }'.
src/app/api/profiles/claim/verify/route.ts(33,16): error TS2353: Object literal may only specify known properties, and 'claimToken' does not exist in type 'VendorShadowProfileWhereUniqueInput'.
src/app/api/profiles/claim/verify/route.ts(35,9): error TS2353: Object literal may only specify known properties, and 'status' does not exist in type '(Without<VendorShadowProfileUpdateInput, VendorShadowProfileUncheckedUpdateInput> & VendorShadowProfileUncheckedUpdateInput) | (Without<...> & VendorShadowProfileUpdateInput)'.
src/app/api/profiles/claim/verify/route.ts(43,31): error TS2339: Property 'providerProfile' does not exist on type 'PrismaClient<PrismaClientOptions, never, DefaultArgs>'.
src/app/api/profiles/search/route.ts(244,22): error TS2353: Object literal may only specify known properties, and 'reviewsCount' does not exist in type 'VendorShadowProfileOrderByWithRelationInput | VendorShadowProfileOrderByWithRelationInput[]'.
src/app/api/profiles/search/route.ts(265,34): error TS2339: Property 'imageUrls' does not exist on type '{ id: string; createdAt: Date; updatedAt: Date; name: string; externalId: string | null; source: string; category: string; phone: string | null; email: string | null; photos: string[]; latitude: number | null; longitude: number | null; rawMetadata: JsonValue; isClaimed: boolean; }'.
src/app/api/profiles/search/route.ts(269,60): error TS2339: Property 'shaHash' does not exist on type '{ id: string; createdAt: Date; updatedAt: Date; name: string; externalId: string | null; source: string; category: string; phone: string | null; email: string | null; photos: string[]; latitude: number | null; longitude: number | null; rawMetadata: JsonValue; isClaimed: boolean; }'.
src/app/api/quotes/lock/route.ts(39,34): error TS2339: Property 'commissionLedger' does not exist on type 'PrismaClient<PrismaClientOptions, never, DefaultArgs>'.
src/app/api/telegram/webhook/route.ts(64,22): error TS2339: Property 'smartContract' does not exist on type 'PrismaClient<PrismaClientOptions, never, DefaultArgs>'.
src/app/api/vendors/route.ts(8,36): error TS2339: Property 'vendor' does not exist on type 'PrismaClient<PrismaClientOptions, never, DefaultArgs>'.
src/app/api/vendors/route.ts(36,56): error TS7006: Parameter 'dv' implicitly has an 'any' type.
src/app/api/webhook/route.ts(42,42): error TS2339: Property 'productionEvent' does not exist on type 'PrismaClient<PrismaClientOptions, never, DefaultArgs>'.
src/app/api/webhook/route.ts(51,43): error TS2339: Property 'providerProfile' does not exist on type 'PrismaClient<PrismaClientOptions, never, DefaultArgs>'.
src/app/api/webhook/route.ts(66,24): error TS2339: Property 'productionEvent' does not exist on type 'PrismaClient<PrismaClientOptions, never, DefaultArgs>'.
src/app/boda/reserva-confirmada/page.tsx(66,39): error TS2339: Property 'productionEvent' does not exist on type 'PrismaClient<PrismaClientOptions, never, DefaultArgs>'.
src/app/boda/reserva-confirmada/page.tsx(93,45): error TS2339: Property 'fleetPosition' does not exist on type 'PrismaClient<PrismaClientOptions, never, DefaultArgs>'.
src/lib/actions/booking-actions.ts(6,3): error TS2305: Module '"@prisma/client"' has no exported member 'WaybillStatus'.
src/lib/actions/booking-actions.ts(7,3): error TS2305: Module '"@prisma/client"' has no exported member 'WaybillParticipantRole'.
src/lib/actions/booking-actions.ts(8,3): error TS2305: Module '"@prisma/client"' has no exported member 'CommissionStatus'.
src/lib/actions/booking-actions.ts(41,31): error TS2339: Property 'smartContract' does not exist on type 'Omit<PrismaClient<PrismaClientOptions, never, DefaultArgs>, "$connect" | "$disconnect" | "$on" | "$transaction" | "$extends">'.
src/lib/actions/booking-actions.ts(53,29): error TS2339: Property 'commissionLedger' does not exist on type 'Omit<PrismaClient<PrismaClientOptions, never, DefaultArgs>, "$connect" | "$disconnect" | "$on" | "$transaction" | "$extends">'.
src/lib/actions/booking-actions.ts(66,14): error TS2339: Property 'calendarBlock' does not exist on type 'Omit<PrismaClient<PrismaClientOptions, never, DefaultArgs>, "$connect" | "$disconnect" | "$on" | "$transaction" | "$extends">'.
src/lib/actions/booking-actions.ts(77,30): error TS2339: Property 'waybill' does not exist on type 'Omit<PrismaClient<PrismaClientOptions, never, DefaultArgs>, "$connect" | "$disconnect" | "$on" | "$transaction" | "$extends">'.
src/lib/actions/booking-actions.ts(112,16): error TS2339: Property 'waybill' does not exist on type 'Omit<PrismaClient<PrismaClientOptions, never, DefaultArgs>, "$connect" | "$disconnect" | "$on" | "$transaction" | "$extends">'.
src/lib/actions/booking-actions.ts(121,16): error TS2339: Property 'fleetUnit' does not exist on type 'Omit<PrismaClient<PrismaClientOptions, never, DefaultArgs>, "$connect" | "$disconnect" | "$on" | "$transaction" | "$extends">'.
src/lib/actions/claim-actions.ts(27,35): error TS2339: Property 'user' does not exist on type 'Omit<PrismaClient<PrismaClientOptions, never, DefaultArgs>, "$connect" | "$disconnect" | "$on" | "$transaction" | "$extends">'.
src/lib/actions/claim-actions.ts(37,35): error TS2339: Property 'providerProfile' does not exist on type 'Omit<PrismaClient<PrismaClientOptions, never, DefaultArgs>, "$connect" | "$disconnect" | "$on" | "$transaction" | "$extends">'.
src/lib/actions/claim-actions.ts(50,47): error TS2339: Property 'providerProfile' does not exist on type 'Omit<PrismaClient<PrismaClientOptions, never, DefaultArgs>, "$connect" | "$disconnect" | "$on" | "$transaction" | "$extends">'.
src/lib/actions/claim-actions.ts(59,42): error TS2339: Property 'providerProfile' does not exist on type 'Omit<PrismaClient<PrismaClientOptions, never, DefaultArgs>, "$connect" | "$disconnect" | "$on" | "$transaction" | "$extends">'.
src/lib/actions/claim-actions.ts(68,18): error TS2339: Property 'user' does not exist on type 'Omit<PrismaClient<PrismaClientOptions, never, DefaultArgs>, "$connect" | "$disconnect" | "$on" | "$transaction" | "$extends">'.
src/lib/actions/claim-actions.ts(84,33): error TS2339: Property 'artistProfile' does not exist on type 'Omit<PrismaClient<PrismaClientOptions, never, DefaultArgs>, "$connect" | "$disconnect" | "$on" | "$transaction" | "$extends">'.
src/lib/actions/claim-actions.ts(97,45): error TS2339: Property 'artistProfile' does not exist on type 'Omit<PrismaClient<PrismaClientOptions, never, DefaultArgs>, "$connect" | "$disconnect" | "$on" | "$transaction" | "$extends">'.
src/lib/actions/claim-actions.ts(108,40): error TS2339: Property 'artistProfile' does not exist on type 'Omit<PrismaClient<PrismaClientOptions, never, DefaultArgs>, "$connect" | "$disconnect" | "$on" | "$transaction" | "$extends">'.
src/lib/actions/claim-actions.ts(117,39): error TS2339: Property 'user' does not exist on type 'Omit<PrismaClient<PrismaClientOptions, never, DefaultArgs>, "$connect" | "$disconnect" | "$on" | "$transaction" | "$extends">'.
src/lib/actions/claim-actions.ts(123,20): error TS2339: Property 'user' does not exist on type 'Omit<PrismaClient<PrismaClientOptions, never, DefaultArgs>, "$connect" | "$disconnect" | "$on" | "$transaction" | "$extends">'.
src/lib/actions/claim-actions.ts(130,18): error TS2339: Property 'user' does not exist on type 'Omit<PrismaClient<PrismaClientOptions, never, DefaultArgs>, "$connect" | "$disconnect" | "$on" | "$transaction" | "$extends">'.
src/lib/actions/fleet-actions.ts(32,30): error TS2339: Property 'fleetTelemetryEvent' does not exist on type 'Omit<PrismaClient<PrismaClientOptions, never, DefaultArgs>, "$connect" | "$disconnect" | "$on" | "$transaction" | "$extends">'.
src/lib/actions/fleet-actions.ts(46,32): error TS2339: Property 'waybill' does not exist on type 'Omit<PrismaClient<PrismaClientOptions, never, DefaultArgs>, "$connect" | "$disconnect" | "$on" | "$transaction" | "$extends">'.
src/lib/actions/fleet-actions.ts(53,18): error TS2339: Property 'fleetUnit' does not exist on type 'Omit<PrismaClient<PrismaClientOptions, never, DefaultArgs>, "$connect" | "$disconnect" | "$on" | "$transaction" | "$extends">'.
src/lib/actions/fleet-actions.ts(80,32): error TS2339: Property 'waybill' does not exist on type 'Omit<PrismaClient<PrismaClientOptions, never, DefaultArgs>, "$connect" | "$disconnect" | "$on" | "$transaction" | "$extends">'.
src/lib/actions/fleet-actions.ts(88,16): error TS2339: Property 'fleetUnit' does not exist on type 'Omit<PrismaClient<PrismaClientOptions, never, DefaultArgs>, "$connect" | "$disconnect" | "$on" | "$transaction" | "$extends">'.
src/lib/actions/fleet-actions.ts(94,16): error TS2339: Property 'fleetTelemetryEvent' does not exist on type 'Omit<PrismaClient<PrismaClientOptions, never, DefaultArgs>, "$connect" | "$disconnect" | "$on" | "$transaction" | "$extends">'.
src/lib/actions/seed-artists.ts(4,10): error TS2305: Module '"@prisma/client"' has no exported member 'Role'.
src/lib/actions/seed-artists.ts(16,31): error TS2339: Property 'user' does not exist on type 'PrismaClient<PrismaClientOptions, never, DefaultArgs>'.
src/lib/actions/seed-artists.ts(37,40): error TS2339: Property 'artistProfile' does not exist on type 'PrismaClient<PrismaClientOptions, never, DefaultArgs>'.
src/lib/actions/seed-artists.ts(64,33): error TS2339: Property 'auraWallet' does not exist on type 'PrismaClient<PrismaClientOptions, never, DefaultArgs>'.
src/lib/actions/seed-artists.ts(80,32): error TS2339: Property 'technicalRider' does not exist on type 'PrismaClient<PrismaClientOptions, never, DefaultArgs>'.
src/lib/actions/seed-artists.ts(103,40): error TS2339: Property 'calendarBlock' does not exist on type 'PrismaClient<PrismaClientOptions, never, DefaultArgs>'.
src/lib/actions/seed-fleet.ts(14,36): error TS2339: Property 'workspace' does not exist on type 'PrismaClient<PrismaClientOptions, never, DefaultArgs>'.
src/lib/actions/seed-fleet.ts(32,20): error TS2339: Property 'fleetUnit' does not exist on type 'PrismaClient<PrismaClientOptions, never, DefaultArgs>'.
src/lib/actions/seed-fleet.ts(47,34): error TS2339: Property 'waybill' does not exist on type 'PrismaClient<PrismaClientOptions, never, DefaultArgs>'.
src/lib/actions/stripe-checkout.ts(37,29): error TS2339: Property 'user' does not exist on type 'PrismaClient<PrismaClientOptions, never, DefaultArgs>'.
src/lib/auth/permissions.ts(1,10): error TS2305: Module '"@prisma/client"' has no exported member 'Role'.
src/lib/availability/atomicDateLockEngine.ts(75,41): error TS2339: Property 'calendarBlock' does not exist on type 'PrismaClient<PrismaClientOptions, never, DefaultArgs>'.
src/lib/availability/atomicDateLockEngine.ts(98,46): error TS2339: Property 'productionEvent' does not exist on type 'PrismaClient<PrismaClientOptions, never, DefaultArgs>'.
src/lib/availability/atomicDateLockEngine.ts(138,36): error TS2339: Property 'calendarBlock' does not exist on type 'Omit<PrismaClient<PrismaClientOptions, never, DefaultArgs>, "$connect" | "$disconnect" | "$on" | "$transaction" | "$extends">'.
src/lib/availability/atomicDateLockEngine.ts(149,41): error TS2339: Property 'productionEvent' does not exist on type 'Omit<PrismaClient<PrismaClientOptions, never, DefaultArgs>, "$connect" | "$disconnect" | "$on" | "$transaction" | "$extends">'.
src/lib/availability/atomicDateLockEngine.ts(161,28): error TS2339: Property 'calendarBlock' does not exist on type 'Omit<PrismaClient<PrismaClientOptions, never, DefaultArgs>, "$connect" | "$disconnect" | "$on" | "$transaction" | "$extends">'.
src/lib/data/vampire-service.ts(77,15): error TS2353: Object literal may only specify known properties, and 'rating' does not exist in type 'VendorShadowProfileOrderByWithRelationInput'.
src/lib/data/vampire-service.ts(78,15): error TS2353: Object literal may only specify known properties, and 'reviewsCount' does not exist in type 'VendorShadowProfileOrderByWithRelationInput'.
src/lib/data/vampire-service.ts(86,24): error TS2339: Property 'shaHash' does not exist on type '{ id: string; createdAt: Date; updatedAt: Date; name: string; externalId: string | null; source: string; category: string; phone: string | null; email: string | null; photos: string[]; latitude: number | null; longitude: number | null; rawMetadata: JsonValue; isClaimed: boolean; }'.
src/lib/data/vampire-service.ts(89,25): error TS2339: Property 'province' does not exist on type '{ id: string; createdAt: Date; updatedAt: Date; name: string; externalId: string | null; source: string; category: string; phone: string | null; email: string | null; photos: string[]; latitude: number | null; longitude: number | null; rawMetadata: JsonValue; isClaimed: boolean; }'.
src/lib/data/vampire-service.ts(90,29): error TS2339: Property 'municipality' does not exist on type '{ id: string; createdAt: Date; updatedAt: Date; name: string; externalId: string | null; source: string; category: string; phone: string | null; email: string | null; photos: string[]; latitude: number | null; longitude: number | null; rawMetadata: JsonValue; isClaimed: boolean; }'.
src/lib/data/vampire-service.ts(91,26): error TS2339: Property 'telephone' does not exist on type '{ id: string; createdAt: Date; updatedAt: Date; name: string; externalId: string | null; source: string; category: string; phone: string | null; email: string | null; photos: string[]; latitude: number | null; longitude: number | null; rawMetadata: JsonValue; isClaimed: boolean; }'.
src/lib/data/vampire-service.ts(92,27): error TS2339: Property 'priceRange' does not exist on type '{ id: string; createdAt: Date; updatedAt: Date; name: string; externalId: string | null; source: string; category: string; phone: string | null; email: string | null; photos: string[]; latitude: number | null; longitude: number | null; rawMetadata: JsonValue; isClaimed: boolean; }'.
src/lib/data/vampire-service.ts(93,23): error TS2339: Property 'rating' does not exist on type '{ id: string; createdAt: Date; updatedAt: Date; name: string; externalId: string | null; source: string; category: string; phone: string | null; email: string | null; photos: string[]; latitude: number | null; longitude: number | null; rawMetadata: JsonValue; isClaimed: boolean; }'.
src/lib/data/vampire-service.ts(94,29): error TS2339: Property 'reviewsCount' does not exist on type '{ id: string; createdAt: Date; updatedAt: Date; name: string; externalId: string | null; source: string; category: string; phone: string | null; email: string | null; photos: string[]; latitude: number | null; longitude: number | null; rawMetadata: JsonValue; isClaimed: boolean; }'.
src/lib/data/vampire-service.ts(95,28): error TS2339: Property 'description' does not exist on type '{ id: string; createdAt: Date; updatedAt: Date; name: string; externalId: string | null; source: string; category: string; phone: string | null; email: string | null; photos: string[]; latitude: number | null; longitude: number | null; rawMetadata: JsonValue; isClaimed: boolean; }'.
src/lib/data/vampire-service.ts(96,26): error TS2339: Property 'imageUrls' does not exist on type '{ id: string; createdAt: Date; updatedAt: Date; name: string; externalId: string | null; source: string; category: string; phone: string | null; email: string | null; photos: string[]; latitude: number | null; longitude: number | null; rawMetadata: JsonValue; isClaimed: boolean; }'.
src/lib/data/vampire-service.ts(97,27): error TS2339: Property 'claimToken' does not exist on type '{ id: string; createdAt: Date; updatedAt: Date; name: string; externalId: string | null; source: string; category: string; phone: string | null; email: string | null; photos: string[]; latitude: number | null; longitude: number | null; rawMetadata: JsonValue; isClaimed: boolean; }'.
src/lib/data/vampire-service.ts(98,23): error TS2339: Property 'status' does not exist on type '{ id: string; createdAt: Date; updatedAt: Date; name: string; externalId: string | null; source: string; category: string; phone: string | null; email: string | null; photos: string[]; latitude: number | null; longitude: number | null; rawMetadata: JsonValue; isClaimed: boolean; }'.
src/lib/data/vampire-service.ts(176,20): error TS2353: Object literal may only specify known properties, and 'claimToken' does not exist in type 'VendorShadowProfileWhereUniqueInput'.
src/lib/data/vampire-service.ts(181,24): error TS2339: Property 'shaHash' does not exist on type '{ id: string; createdAt: Date; updatedAt: Date; name: string; externalId: string | null; source: string; category: string; phone: string | null; email: string | null; photos: string[]; latitude: number | null; longitude: number | null; rawMetadata: JsonValue; isClaimed: boolean; }'.
src/lib/data/vampire-service.ts(184,25): error TS2339: Property 'province' does not exist on type '{ id: string; createdAt: Date; updatedAt: Date; name: string; externalId: string | null; source: string; category: string; phone: string | null; email: string | null; photos: string[]; latitude: number | null; longitude: number | null; rawMetadata: JsonValue; isClaimed: boolean; }'.
src/lib/data/vampire-service.ts(185,29): error TS2339: Property 'municipality' does not exist on type '{ id: string; createdAt: Date; updatedAt: Date; name: string; externalId: string | null; source: string; category: string; phone: string | null; email: string | null; photos: string[]; latitude: number | null; longitude: number | null; rawMetadata: JsonValue; isClaimed: boolean; }'.
src/lib/data/vampire-service.ts(186,26): error TS2339: Property 'telephone' does not exist on type '{ id: string; createdAt: Date; updatedAt: Date; name: string; externalId: string | null; source: string; category: string; phone: string | null; email: string | null; photos: string[]; latitude: number | null; longitude: number | null; rawMetadata: JsonValue; isClaimed: boolean; }'.
src/lib/data/vampire-service.ts(187,27): error TS2339: Property 'priceRange' does not exist on type '{ id: string; createdAt: Date; updatedAt: Date; name: string; externalId: string | null; source: string; category: string; phone: string | null; email: string | null; photos: string[]; latitude: number | null; longitude: number | null; rawMetadata: JsonValue; isClaimed: boolean; }'.
src/lib/data/vampire-service.ts(188,23): error TS2339: Property 'rating' does not exist on type '{ id: string; createdAt: Date; updatedAt: Date; name: string; externalId: string | null; source: string; category: string; phone: string | null; email: string | null; photos: string[]; latitude: number | null; longitude: number | null; rawMetadata: JsonValue; isClaimed: boolean; }'.
src/lib/data/vampire-service.ts(189,29): error TS2339: Property 'reviewsCount' does not exist on type '{ id: string; createdAt: Date; updatedAt: Date; name: string; externalId: string | null; source: string; category: string; phone: string | null; email: string | null; photos: string[]; latitude: number | null; longitude: number | null; rawMetadata: JsonValue; isClaimed: boolean; }'.
src/lib/data/vampire-service.ts(190,28): error TS2339: Property 'description' does not exist on type '{ id: string; createdAt: Date; updatedAt: Date; name: string; externalId: string | null; source: string; category: string; phone: string | null; email: string | null; photos: string[]; latitude: number | null; longitude: number | null; rawMetadata: JsonValue; isClaimed: boolean; }'.
src/lib/data/vampire-service.ts(191,26): error TS2339: Property 'imageUrls' does not exist on type '{ id: string; createdAt: Date; updatedAt: Date; name: string; externalId: string | null; source: string; category: string; phone: string | null; email: string | null; photos: string[]; latitude: number | null; longitude: number | null; rawMetadata: JsonValue; isClaimed: boolean; }'.
src/lib/data/vampire-service.ts(192,27): error TS2339: Property 'claimToken' does not exist on type '{ id: string; createdAt: Date; updatedAt: Date; name: string; externalId: string | null; source: string; category: string; phone: string | null; email: string | null; photos: string[]; latitude: number | null; longitude: number | null; rawMetadata: JsonValue; isClaimed: boolean; }'.
src/lib/data/vampire-service.ts(193,23): error TS2339: Property 'status' does not exist on type '{ id: string; createdAt: Date; updatedAt: Date; name: string; externalId: string | null; source: string; category: string; phone: string | null; email: string | null; photos: string[]; latitude: number | null; longitude: number | null; rawMetadata: JsonValue; isClaimed: boolean; }'.
src/lib/engines/multiServiceOrchestrator.ts(59,35): error TS2339: Property 'productionEvent' does not exist on type 'Omit<PrismaClient<PrismaClientOptions, never, DefaultArgs>, "$connect" | "$disconnect" | "$on" | "$transaction" | "$extends">'.
src/lib/engines/vendorClaimingEngine.ts(15,18): error TS2353: Object literal may only specify known properties, and 'claimToken' does not exist in type 'VendorShadowProfileWhereUniqueInput'.
src/lib/engines/vendorClaimingEngine.ts(22,25): error TS2339: Property 'status' does not exist on type '{ id: string; createdAt: Date; updatedAt: Date; name: string; externalId: string | null; source: string; category: string; phone: string | null; email: string | null; photos: string[]; latitude: number | null; longitude: number | null; rawMetadata: JsonValue; isClaimed: boolean; }'.
src/lib/engines/vendorClaimingEngine.ts(27,38): error TS2339: Property 'providerProfile' does not exist on type 'Omit<PrismaClient<PrismaClientOptions, never, DefaultArgs>, "$connect" | "$disconnect" | "$on" | "$transaction" | "$extends">'.
src/lib/engines/vendorClaimingEngine.ts(33,36): error TS2339: Property 'providerProfile' does not exist on type 'Omit<PrismaClient<PrismaClientOptions, never, DefaultArgs>, "$connect" | "$disconnect" | "$on" | "$transaction" | "$extends">'.
src/lib/engines/vendorClaimingEngine.ts(36,33): error TS2339: Property 'shaHash' does not exist on type '{ id: string; createdAt: Date; updatedAt: Date; name: string; externalId: string | null; source: string; category: string; phone: string | null; email: string | null; photos: string[]; latitude: number | null; longitude: number | null; rawMetadata: JsonValue; isClaimed: boolean; }'.
src/lib/engines/vendorClaimingEngine.ts(40,37): error TS2339: Property 'province' does not exist on type '{ id: string; createdAt: Date; updatedAt: Date; name: string; externalId: string | null; source: string; category: string; phone: string | null; email: string | null; photos: string[]; latitude: number | null; longitude: number | null; rawMetadata: JsonValue; isClaimed: boolean; }'.
src/lib/engines/vendorClaimingEngine.ts(41,34): error TS2339: Property 'telephone' does not exist on type '{ id: string; createdAt: Date; updatedAt: Date; name: string; externalId: string | null; source: string; category: string; phone: string | null; email: string | null; photos: string[]; latitude: number | null; longitude: number | null; rawMetadata: JsonValue; isClaimed: boolean; }'.
src/lib/engines/vendorClaimingEngine.ts(42,40): error TS2339: Property 'description' does not exist on type '{ id: string; createdAt: Date; updatedAt: Date; name: string; externalId: string | null; source: string; category: string; phone: string | null; email: string | null; photos: string[]; latitude: number | null; longitude: number | null; rawMetadata: JsonValue; isClaimed: boolean; }'.
src/lib/engines/vendorClaimingEngine.ts(43,35): error TS2339: Property 'rating' does not exist on type '{ id: string; createdAt: Date; updatedAt: Date; name: string; externalId: string | null; source: string; category: string; phone: string | null; email: string | null; photos: string[]; latitude: number | null; longitude: number | null; rawMetadata: JsonValue; isClaimed: boolean; }'.
src/lib/engines/vendorClaimingEngine.ts(44,41): error TS2339: Property 'reviewsCount' does not exist on type '{ id: string; createdAt: Date; updatedAt: Date; name: string; externalId: string | null; source: string; category: string; phone: string | null; email: string | null; photos: string[]; latitude: number | null; longitude: number | null; rawMetadata: JsonValue; isClaimed: boolean; }'.
src/lib/engines/vendorClaimingEngine.ts(52,36): error TS2339: Property 'providerProfile' does not exist on type 'Omit<PrismaClient<PrismaClientOptions, never, DefaultArgs>, "$connect" | "$disconnect" | "$on" | "$transaction" | "$extends">'.
src/lib/scripts/vampire-parser.ts(92,18): error TS2339: Property 'providerProfile' does not exist on type 'Omit<PrismaClient<PrismaClientOptions, never, DefaultArgs>, "$connect" | "$disconnect" | "$on" | "$transaction" | "$extends">'.
src/lib/scripts/vampire-parser.ts(120,31): error TS2339: Property 'user' does not exist on type 'Omit<PrismaClient<PrismaClientOptions, never, DefaultArgs>, "$connect" | "$disconnect" | "$on" | "$transaction" | "$extends">'.
src/lib/scripts/vampire-parser.ts(132,18): error TS2339: Property 'artistProfile' does not exist on type 'Omit<PrismaClient<PrismaClientOptions, never, DefaultArgs>, "$connect" | "$disconnect" | "$on" | "$transaction" | "$extends">'.
src/lib/services/ProfileService.ts(2,10): error TS2305: Module '"@prisma/client"' has no exported member 'Role'.
src/lib/services/ProfileService.ts(21,44): error TS2339: Property 'artistProfile' does not exist on type 'PrismaClient<PrismaClientOptions, never, DefaultArgs>'.
src/lib/services/ProfileService.ts(30,41): error TS2339: Property 'artistProfile' does not exist on type 'PrismaClient<PrismaClientOptions, never, DefaultArgs>'.
src/lib/services/ProfileService.ts(39,16): error TS2339: Property 'artistProfile' does not exist on type 'PrismaClient<PrismaClientOptions, never, DefaultArgs>'.
src/lib/services/ProfileService.ts(49,16): error TS2339: Property 'user' does not exist on type 'PrismaClient<PrismaClientOptions, never, DefaultArgs>'.
src/lib/services/UserService.ts(2,10): error TS2305: Module '"@prisma/client"' has no exported member 'Role'.
src/lib/services/UserService.ts(11,31): error TS2339: Property 'user' does not exist on type 'PrismaClient<PrismaClientOptions, never, DefaultArgs>'.
src/lib/services/UserService.ts(17,29): error TS2339: Property 'user' does not exist on type 'PrismaClient<PrismaClientOptions, never, DefaultArgs>'.
src/lib/services/UserService.ts(40,31): error TS2339: Property 'user' does not exist on type 'PrismaClient<PrismaClientOptions, never, DefaultArgs>'.
src/modules/vendor/actions/mediaActions.ts(34,30): error TS2339: Property 'providerQuota' does not exist on type 'PrismaClient<PrismaClientOptions, never, DefaultArgs>'.
src/modules/vendor/actions/mediaActions.ts(40,28): error TS2339: Property 'providerQuota' does not exist on type 'PrismaClient<PrismaClientOptions, never, DefaultArgs>'.
src/modules/vendor/actions/mediaActions.ts(108,30): error TS2339: Property 'mediaAsset' does not exist on type 'Omit<PrismaClient<PrismaClientOptions, never, DefaultArgs>, "$connect" | "$disconnect" | "$on" | "$transaction" | "$extends">'.
src/modules/vendor/actions/mediaActions.ts(117,16): error TS2339: Property 'providerQuota' does not exist on type 'Omit<PrismaClient<PrismaClientOptions, never, DefaultArgs>, "$connect" | "$disconnect" | "$on" | "$transaction" | "$extends">'.
src/modules/vendor/actions/mediaActions.ts(165,32): error TS2339: Property 'mediaAsset' does not exist on type 'PrismaClient<PrismaClientOptions, never, DefaultArgs>'.
src/modules/vendor/actions/mediaActions.ts(178,16): error TS2339: Property 'mediaAsset' does not exist on type 'Omit<PrismaClient<PrismaClientOptions, never, DefaultArgs>, "$connect" | "$disconnect" | "$on" | "$transaction" | "$extends">'.
src/modules/vendor/actions/mediaActions.ts(182,16): error TS2339: Property 'providerQuota' does not exist on type 'Omit<PrismaClient<PrismaClientOptions, never, DefaultArgs>, "$connect" | "$disconnect" | "$on" | "$transaction" | "$extends">'.
src/modules/vendor/actions/mediaActions.ts(186,60): error TS2339: Property 'providerQuota' does not exist on type 'Omit<PrismaClient<PrismaClientOptions, never, DefaultArgs>, "$connect" | "$disconnect" | "$on" | "$transaction" | "$extends">'.
src/modules/vendor/actions/mediaActions.ts(216,14): error TS2339: Property 'mediaAsset' does not exist on type 'PrismaClient<PrismaClientOptions, never, DefaultArgs>'.
src/modules/vendor/actions/mediaActions.ts(220,14): error TS2339: Property 'providerQuota' does not exist on type 'PrismaClient<PrismaClientOptions, never, DefaultArgs>'.
src/modules/vendor/actions/mediaActions.ts(233,28): error TS7006: Parameter 'a' implicitly has an 'any' type.
src/scripts/phantomIngestor.ts(86,24): error TS2339: Property 'providerProfile' does not exist on type 'PrismaClient<PrismaClientOptions, never, DefaultArgs>'.
src/scripts/vampire-deep-scan.ts(4,24): error TS2305: Module '"@prisma/client"' has no exported member 'ClaimStatus'.
src/scripts/vampire-deep-scan.ts(4,37): error TS2305: Module '"@prisma/client"' has no exported member 'VendorCategory'.
src/scripts/vampire-deep-scan.ts(89,28): error TS2339: Property 'providerProfile' does not exist on type 'PrismaClient<PrismaClientOptions, never, DefaultArgs>'.
